// Jest Snapshot v1, https://goo.gl/fbAQLP

exports[`Cube <Cube /> renders correctly 1`] = `
<div
  className="cube-css3d"
>
  <CubeFace
    face={4}
    key="4"
    rotMatrix={
      Array [
        Array [
          1,
          0,
          0,
        ],
        Array [
          0,
          1,
          0,
        ],
        Array [
          0,
          0,
          1,
        ],
      ]
    }
  />
  <CubeFace
    face={3}
    key="3"
    rotMatrix={
      Array [
        Array [
          1,
          0,
          0,
        ],
        Array [
          0,
          1,
          0,
        ],
        Array [
          0,
          0,
          1,
        ],
      ]
    }
  />
  <CubeFace
    face={2}
    key="2"
    rotMatrix={
      Array [
        Array [
          1,
          0,
          0,
        ],
        Array [
          0,
          1,
          0,
        ],
        Array [
          0,
          0,
          1,
        ],
      ]
    }
  />
  <CubeFace
    face={1}
    key="1"
    rotMatrix={
      Array [
        Array [
          1,
          0,
          0,
        ],
        Array [
          0,
          1,
          0,
        ],
        Array [
          0,
          0,
          1,
        ],
      ]
    }
  />
  <CubeFace
    face={6}
    key="6"
    rotMatrix={
      Array [
        Array [
          1,
          0,
          0,
        ],
        Array [
          0,
          1,
          0,
        ],
        Array [
          0,
          0,
          1,
        ],
      ]
    }
  />
  <CubeFace
    face={5}
    key="5"
    rotMatrix={
      Array [
        Array [
          1,
          0,
          0,
        ],
        Array [
          0,
          1,
          0,
        ],
        Array [
          0,
          0,
          1,
        ],
      ]
    }
  />
</div>
`;

exports[`Cube <Cube /> renders with faces correctly 1`] = `
<div
  className="cube-css3d"
>
  <CubeFace
    face={4}
    key="4"
    rotMatrix={
      Array [
        Array [
          1,
          0,
          0,
        ],
        Array [
          0,
          1,
          0,
        ],
        Array [
          0,
          0,
          1,
        ],
      ]
    }
  >
    <div>
      Front Face
    </div>
  </CubeFace>
  <CubeFace
    face={3}
    key="3"
    rotMatrix={
      Array [
        Array [
          1,
          0,
          0,
        ],
        Array [
          0,
          1,
          0,
        ],
        Array [
          0,
          0,
          1,
        ],
      ]
    }
  >
    <div>
      Back Face
    </div>
  </CubeFace>
  <CubeFace
    face={2}
    key="2"
    rotMatrix={
      Array [
        Array [
          1,
          0,
          0,
        ],
        Array [
          0,
          1,
          0,
        ],
        Array [
          0,
          0,
          1,
        ],
      ]
    }
  >
    <div>
      Right Face
    </div>
  </CubeFace>
  <CubeFace
    face={1}
    key="1"
    rotMatrix={
      Array [
        Array [
          1,
          0,
          0,
        ],
        Array [
          0,
          1,
          0,
        ],
        Array [
          0,
          0,
          1,
        ],
      ]
    }
  >
    <div>
      Left Face
    </div>
  </CubeFace>
  <CubeFace
    face={6}
    key="6"
    rotMatrix={
      Array [
        Array [
          1,
          0,
          0,
        ],
        Array [
          0,
          1,
          0,
        ],
        Array [
          0,
          0,
          1,
        ],
      ]
    }
  >
    <div>
      Top Face
    </div>
  </CubeFace>
  <CubeFace
    face={5}
    key="5"
    rotMatrix={
      Array [
        Array [
          1,
          0,
          0,
        ],
        Array [
          0,
          1,
          0,
        ],
        Array [
          0,
          0,
          1,
        ],
      ]
    }
  >
    <div>
      Bottom Face
    </div>
  </CubeFace>
</div>
`;

exports[`Cube <CubeFace /> correctly renders nothing when face is Face.None 1`] = `""`;

exports[`Cube <CubeFace /> renders correctly 1`] = `
<div
  className="face top"
  style={
    Object {
      "WebkitTransform": "matrix3d(1,0,0,0,0,1,0,0,0,0,1,0,0,0,0,1)",
      "transform": "matrix3d(1,0,0,0,0,1,0,0,0,0,1,0,0,0,0,1)",
    }
  }
/>
`;
