// Jest Snapshot v1, https://goo.gl/fbAQLP

exports[`<Toolbar /> renders correctly 1`] = `
<PanelsProvider
  histories={null}
  panels={null}
>
  <Component />
</PanelsProvider>
`;

exports[`<Toolbar /> renders with expandsTo 1`] = `
<div
  className="nz-toolbar-toolbar nz-direction-right nz-vertical nz-panel-alignment-start"
>
  <div
    className="nz-expanded nz-histories"
  />
  <div
    className="nz-expanded nz-panels"
  />
  <Items
    className="nz-items"
    direction={0}
  />
</div>
`;

exports[`<Toolbar /> renders with panelAlignment 1`] = `
<div
  className="nz-toolbar-toolbar nz-direction-bottom nz-horizontal nz-panel-alignment-end"
>
  <div
    className="nz-expanded nz-histories"
  />
  <div
    className="nz-expanded nz-panels"
  />
  <Items
    className="nz-items"
    direction={1}
  />
</div>
`;
