// Jest Snapshot v1, https://goo.gl/fbAQLP

exports[`<MessageResizeHandle  /> renders correctly 1`] = `
<div
  className="nz-footer-message-content-dialog-resizeHandle"
>
  <div
    className="nz-dot"
  />
</div>
`;
