// Jest Snapshot v1, https://goo.gl/fbAQLP

exports[`IconComponent should render correctly with ReactNode 1`] = `
<i
  className="icon uifw-item-svg-icon"
>
  <span>
    Test
  </span>
</i>
`;

exports[`IconComponent should render correctly with icon class string 1`] = `
<i
  className="icon icon-developer"
/>
`;

exports[`IconComponent should render correctly with icon src string 1`] = `
<i
  className="icon src:test.svg"
/>
`;
