// Jest Snapshot v1, https://goo.gl/fbAQLP

exports[`WidgetPanelProvider should render captured 1`] = `
<div
  class="nz-widgetPanels-panel nz-left nz-captured nz-span-top nz-span-bottom"
  style="width: 200px;"
>
  <div
    class="nz-content"
  >
    <div
      class="nz-outline-sectionOutline nz-0 nz-vertical nz-hidden"
    />
    <div
      class="nz-panel-section-0 nz-widgetPanels-vertical nz-panel-section-full-size"
    >
      <div
        class="nz-widget-widget nz-widget-panelWidget nz-fill nz-border-top nz-border-left nz-border-right"
      >
        <div
          class="nz-widget-tabBar nz-separator"
        >
          <div
            class="nz-handle"
          />
          <div
            class="nz-widget-tabs"
            role="tablist"
          >
            <div
              class="nz-widget-tab nz-active nz-first nz-last"
              data-item-id="t1"
              data-item-type="widget-tab"
              role="tab"
              tabindex="0"
              title=""
            >
              <span />
              <div
                class="nz-target-tabTarget nz-hidden"
              />
            </div>
            <div
              class="nz-target-titleBarTarget nz-hidden"
            >
              <div
                class="nz-outline-tabOutline nz-hidden"
              />
            </div>
            <div
              class="nz-widget-overflow nz-hidden"
            >
              <div
                class="nz-button"
                role="button"
                tabindex="-1"
              >
                <div
                  class="nz-icon"
                />
              </div>
            </div>
          </div>
          <div
            class="nz-widget-tabBarButtons"
          >
            <button
              class="iui-button nz-widget-pinToggle nz-is-pinned"
              data-iui-size="small"
              data-iui-variant="borderless"
              type="button"
            >
              <span>
                <svg
                  fill="var(--iui-color-icon-muted, currentColor)"
                  height="1rem"
                  viewBox="0 0 16 16"
                  width="1rem"
                >
                  <path
                    d="M10.5 0a3.905 3.905 0 00-1.466 3.051c0 .097.007.192.014.287L6.8 5.586a4.806 4.806 0 00-4.773 1.601l2.942 2.941L0 15.097V16h.903l4.969-4.969 2.94 2.941A4.806 4.806 0 0010.415 9.2l2.248-2.248c.095.007.19.014.287.014A3.905 3.905 0 0016 5.501z"
                  />
                </svg>
              </span>
            </button>
          </div>
        </div>
        <div
          class="nz-widget-contentContainer"
        >
          <div
            class="nz-content"
          />
          <div
            class="nz-outline-widgetOutline nz-hidden"
          />
        </div>
      </div>
    </div>
    <div
      class="nz-outline-sectionOutline nz-1 nz-vertical nz-hidden"
    />
  </div>
  <div
    class="nz-target-targetContainer nz-vertical nz-target-sectionTargets"
  >
    <div
      class="nz-target-sectionTarget nz-vertical nz-hidden"
    >
      <div
        class="nz-section nz-start nz-target"
      />
      <div
        class="nz-border"
      />
      <div
        class="nz-section nz-end"
      />
    </div>
    <div
      class="nz-target-mergeTarget nz-hidden"
    />
    <div
      class="nz-target-sectionTarget nz-vertical nz-hidden"
    >
      <div
        class="nz-section nz-start"
      />
      <div
        class="nz-border"
      />
      <div
        class="nz-section nz-end nz-target"
      />
    </div>
  </div>
  <div
    class="nz-grip-container"
  >
    <div
      class="nz-widgetPanels-grip nz-left nz-grip"
    >
      <div
        class="nz-line-grip"
      >
        <div
          class="nz-line-grip-detail"
        />
      </div>
      <div
        class="nz-handle"
      />
    </div>
  </div>
</div>
`;

exports[`WidgetPanelProvider should render collapsed 1`] = `
<div
  class="nz-widgetPanels-panel nz-left nz-collapsed nz-span-top nz-span-bottom"
  style="width: 0px;"
>
  <div
    class="nz-content"
  >
    <div
      class="nz-outline-sectionOutline nz-0 nz-vertical nz-hidden"
    />
    <div
      class="nz-panel-section-0 nz-widgetPanels-vertical nz-panel-section-full-size"
    >
      <div
        class="nz-widget-widget nz-widget-panelWidget nz-fill nz-border-top nz-border-left nz-border-right"
      >
        <div
          class="nz-widget-tabBar nz-separator"
        >
          <div
            class="nz-handle"
          />
          <div
            class="nz-widget-tabs"
            role="tablist"
          >
            <div
              class="nz-widget-tab nz-active nz-first nz-last"
              data-item-id="t1"
              data-item-type="widget-tab"
              role="tab"
              tabindex="0"
              title=""
            >
              <span />
              <div
                class="nz-target-tabTarget nz-hidden"
              />
            </div>
            <div
              class="nz-target-titleBarTarget nz-hidden"
            >
              <div
                class="nz-outline-tabOutline nz-hidden"
              />
            </div>
            <div
              class="nz-widget-overflow nz-hidden"
            >
              <div
                class="nz-button"
                role="button"
                tabindex="-1"
              >
                <div
                  class="nz-icon"
                />
              </div>
            </div>
          </div>
          <div
            class="nz-widget-tabBarButtons"
          >
            <button
              class="iui-button nz-widget-pinToggle nz-is-pinned"
              data-iui-size="small"
              data-iui-variant="borderless"
              type="button"
            >
              <span>
                <svg
                  fill="var(--iui-color-icon-muted, currentColor)"
                  height="1rem"
                  viewBox="0 0 16 16"
                  width="1rem"
                >
                  <path
                    d="M10.5 0a3.905 3.905 0 00-1.466 3.051c0 .097.007.192.014.287L6.8 5.586a4.806 4.806 0 00-4.773 1.601l2.942 2.941L0 15.097V16h.903l4.969-4.969 2.94 2.941A4.806 4.806 0 0010.415 9.2l2.248-2.248c.095.007.19.014.287.014A3.905 3.905 0 0016 5.501z"
                  />
                </svg>
              </span>
            </button>
          </div>
        </div>
        <div
          class="nz-widget-contentContainer"
        >
          <div
            class="nz-content"
          />
          <div
            class="nz-outline-widgetOutline nz-hidden"
          />
        </div>
      </div>
    </div>
    <div
      class="nz-outline-sectionOutline nz-1 nz-vertical nz-hidden"
    />
  </div>
  <div
    class="nz-grip-container"
  >
    <div
      class="nz-widgetPanels-grip nz-left nz-grip"
    >
      <div
        class="nz-line-grip"
      >
        <div
          class="nz-line-grip-detail"
        />
      </div>
      <div
        class="nz-handle"
      />
    </div>
  </div>
</div>
`;

exports[`WidgetPanelProvider should render horizontal 1`] = `
<div
  class="nz-widgetPanels-panel nz-top nz-span nz-span-top nz-span-bottom"
  style="height: 200px;"
>
  <div
    class="nz-content"
  >
    <div
      class="nz-outline-sectionOutline nz-0 nz-horizontal nz-hidden"
    />
    <div
      class="nz-panel-section-0 nz-widgetPanels-horizontal nz-panel-section-full-size"
    >
      <div
        class="nz-widget-widget nz-widget-panelWidget nz-horizontal nz-fill nz-border-top nz-border-bottom nz-border-left nz-border-right"
      >
        <div
          class="nz-widget-tabBar nz-separator"
        >
          <div
            class="nz-handle"
          />
          <div
            class="nz-widget-tabs"
            role="tablist"
          >
            <div
              class="nz-widget-tab nz-active nz-first nz-last"
              data-item-id="t1"
              data-item-type="widget-tab"
              role="tab"
              tabindex="0"
              title=""
            >
              <span />
              <div
                class="nz-target-tabTarget nz-hidden"
              />
            </div>
            <div
              class="nz-target-titleBarTarget nz-hidden"
            >
              <div
                class="nz-outline-tabOutline nz-hidden"
              />
            </div>
            <div
              class="nz-widget-overflow nz-hidden"
            >
              <div
                class="nz-button"
                role="button"
                tabindex="-1"
              >
                <div
                  class="nz-icon"
                />
              </div>
            </div>
          </div>
          <div
            class="nz-widget-tabBarButtons"
          >
            <button
              class="iui-button nz-widget-pinToggle nz-is-pinned"
              data-iui-size="small"
              data-iui-variant="borderless"
              type="button"
            >
              <span>
                <svg
                  fill="var(--iui-color-icon-muted, currentColor)"
                  height="1rem"
                  viewBox="0 0 16 16"
                  width="1rem"
                >
                  <path
                    d="M10.5 0a3.905 3.905 0 00-1.466 3.051c0 .097.007.192.014.287L6.8 5.586a4.806 4.806 0 00-4.773 1.601l2.942 2.941L0 15.097V16h.903l4.969-4.969 2.94 2.941A4.806 4.806 0 0010.415 9.2l2.248-2.248c.095.007.19.014.287.014A3.905 3.905 0 0016 5.501z"
                  />
                </svg>
              </span>
            </button>
          </div>
        </div>
        <div
          class="nz-widget-contentContainer"
        >
          <div
            class="nz-content"
          />
          <div
            class="nz-outline-widgetOutline nz-hidden"
          />
        </div>
      </div>
    </div>
    <div
      class="nz-outline-sectionOutline nz-1 nz-horizontal nz-hidden"
    />
  </div>
  <div
    class="nz-target-targetContainer nz-horizontal nz-target-sectionTargets"
  >
    <div
      class="nz-target-sectionTarget nz-horizontal nz-hidden"
    >
      <div
        class="nz-section nz-start nz-target"
      />
      <div
        class="nz-border"
      />
      <div
        class="nz-section nz-end"
      />
    </div>
    <div
      class="nz-target-mergeTarget nz-hidden"
    />
    <div
      class="nz-target-sectionTarget nz-horizontal nz-hidden"
    >
      <div
        class="nz-section nz-start"
      />
      <div
        class="nz-border"
      />
      <div
        class="nz-section nz-end nz-target"
      />
    </div>
  </div>
  <div
    class="nz-grip-container"
  >
    <div
      class="nz-widgetPanels-grip nz-top nz-grip"
    >
      <div
        class="nz-line-grip"
      >
        <div
          class="nz-line-grip-detail"
        />
      </div>
      <div
        class="nz-handle"
      />
    </div>
  </div>
</div>
`;

exports[`WidgetPanelProvider should render multiple widgets 1`] = `
<div
  class="nz-widgetPanels-panel nz-left nz-span-top nz-span-bottom"
  style="width: 200px;"
>
  <div
    class="nz-content"
  >
    <div
      class="nz-panel-section-0 nz-widgetPanels-vertical"
      style="height: 50%;"
    >
      <div
        class="nz-widget-widget nz-widget-panelWidget nz-fill nz-border-top nz-border-bottom nz-border-left nz-border-right"
      >
        <div
          class="nz-widget-tabBar nz-separator"
        >
          <div
            class="nz-handle"
          />
          <div
            class="nz-widget-tabs"
            role="tablist"
          >
            <div
              class="nz-widget-tab nz-active nz-first nz-last"
              data-item-id="t1"
              data-item-type="widget-tab"
              role="tab"
              tabindex="0"
              title=""
            >
              <span />
              <div
                class="nz-target-tabTarget nz-hidden"
              />
            </div>
            <div
              class="nz-target-titleBarTarget nz-hidden"
            >
              <div
                class="nz-outline-tabOutline nz-hidden"
              />
            </div>
            <div
              class="nz-widget-overflow nz-hidden"
            >
              <div
                class="nz-button"
                role="button"
                tabindex="-1"
              >
                <div
                  class="nz-icon"
                />
              </div>
            </div>
          </div>
          <div
            class="nz-widget-tabBarButtons"
          >
            <button
              class="iui-button nz-widget-pinToggle nz-is-pinned"
              data-iui-size="small"
              data-iui-variant="borderless"
              type="button"
            >
              <span>
                <svg
                  fill="var(--iui-color-icon-muted, currentColor)"
                  height="1rem"
                  viewBox="0 0 16 16"
                  width="1rem"
                >
                  <path
                    d="M10.5 0a3.905 3.905 0 00-1.466 3.051c0 .097.007.192.014.287L6.8 5.586a4.806 4.806 0 00-4.773 1.601l2.942 2.941L0 15.097V16h.903l4.969-4.969 2.94 2.941A4.806 4.806 0 0010.415 9.2l2.248-2.248c.095.007.19.014.287.014A3.905 3.905 0 0016 5.501z"
                  />
                </svg>
              </span>
            </button>
          </div>
        </div>
        <div
          class="nz-widget-contentContainer"
        >
          <div
            class="nz-content"
          />
          <div
            class="nz-target-targetContainer nz-horizontal nz-target-widgetTarget"
          >
            <div
              class="nz-target-mergeTarget nz-hidden"
            />
          </div>
          <div
            class="nz-outline-widgetOutline nz-hidden"
          />
        </div>
      </div>
      <div
        class="nz-vertical-panel-splitter"
      />
    </div>
    <div
      class="nz-panel-section-1 nz-widgetPanels-vertical"
    >
      <div
        class="nz-widget-widget nz-widget-panelWidget nz-fill nz-border-left nz-border-right"
      >
        <div
          class="nz-widget-tabBar nz-separator"
        >
          <div
            class="nz-handle"
          />
          <div
            class="nz-widget-tabs"
            role="tablist"
          >
            <div
              class="nz-widget-tab nz-active nz-first nz-last"
              data-item-id="t2"
              data-item-type="widget-tab"
              role="tab"
              tabindex="0"
              title=""
            >
              <span />
              <div
                class="nz-target-tabTarget nz-hidden"
              />
            </div>
            <div
              class="nz-target-titleBarTarget nz-hidden"
            >
              <div
                class="nz-outline-tabOutline nz-hidden"
              />
            </div>
            <div
              class="nz-widget-overflow nz-hidden"
            >
              <div
                class="nz-button"
                role="button"
                tabindex="-1"
              >
                <div
                  class="nz-icon"
                />
              </div>
            </div>
          </div>
          <div
            class="nz-widget-tabBarButtons"
          />
        </div>
        <div
          class="nz-widget-contentContainer"
        >
          <div
            class="nz-content"
          />
          <div
            class="nz-target-targetContainer nz-horizontal nz-target-widgetTarget"
          >
            <div
              class="nz-target-mergeTarget nz-hidden"
            />
          </div>
          <div
            class="nz-outline-widgetOutline nz-hidden"
          />
        </div>
      </div>
    </div>
  </div>
  <div
    class="nz-grip-container"
  >
    <div
      class="nz-widgetPanels-grip nz-left nz-grip"
    >
      <div
        class="nz-line-grip"
      >
        <div
          class="nz-line-grip-detail"
        />
      </div>
      <div
        class="nz-handle"
      />
    </div>
  </div>
</div>
`;

exports[`WidgetPanelProvider should render spanned 1`] = `
<div
  class="nz-widgetPanels-panel nz-top nz-span nz-span-top nz-span-bottom"
  style="height: 100px;"
>
  <div
    class="nz-content"
  >
    <div
      class="nz-outline-sectionOutline nz-0 nz-horizontal nz-hidden"
    />
    <div
      class="nz-panel-section-0 nz-widgetPanels-horizontal nz-panel-section-full-size"
    >
      <div
        class="nz-widget-widget nz-widget-panelWidget nz-horizontal nz-fill nz-border-top nz-border-bottom nz-border-left nz-border-right"
      >
        <div
          class="nz-widget-tabBar nz-separator"
        >
          <div
            class="nz-handle"
          />
          <div
            class="nz-widget-tabs"
            role="tablist"
          >
            <div
              class="nz-widget-tab nz-active nz-first nz-last"
              data-item-id="t1"
              data-item-type="widget-tab"
              role="tab"
              tabindex="0"
              title=""
            >
              <span />
              <div
                class="nz-target-tabTarget nz-hidden"
              />
            </div>
            <div
              class="nz-target-titleBarTarget nz-hidden"
            >
              <div
                class="nz-outline-tabOutline nz-hidden"
              />
            </div>
            <div
              class="nz-widget-overflow nz-hidden"
            >
              <div
                class="nz-button"
                role="button"
                tabindex="-1"
              >
                <div
                  class="nz-icon"
                />
              </div>
            </div>
          </div>
          <div
            class="nz-widget-tabBarButtons"
          >
            <button
              class="iui-button nz-widget-pinToggle nz-is-pinned"
              data-iui-size="small"
              data-iui-variant="borderless"
              type="button"
            >
              <span>
                <svg
                  fill="var(--iui-color-icon-muted, currentColor)"
                  height="1rem"
                  viewBox="0 0 16 16"
                  width="1rem"
                >
                  <path
                    d="M10.5 0a3.905 3.905 0 00-1.466 3.051c0 .097.007.192.014.287L6.8 5.586a4.806 4.806 0 00-4.773 1.601l2.942 2.941L0 15.097V16h.903l4.969-4.969 2.94 2.941A4.806 4.806 0 0010.415 9.2l2.248-2.248c.095.007.19.014.287.014A3.905 3.905 0 0016 5.501z"
                  />
                </svg>
              </span>
            </button>
          </div>
        </div>
        <div
          class="nz-widget-contentContainer"
        >
          <div
            class="nz-content"
          />
          <div
            class="nz-outline-widgetOutline nz-hidden"
          />
        </div>
      </div>
    </div>
    <div
      class="nz-outline-sectionOutline nz-1 nz-horizontal nz-hidden"
    />
  </div>
  <div
    class="nz-target-targetContainer nz-horizontal nz-target-sectionTargets"
  >
    <div
      class="nz-target-sectionTarget nz-horizontal nz-hidden"
    >
      <div
        class="nz-section nz-start nz-target"
      />
      <div
        class="nz-border"
      />
      <div
        class="nz-section nz-end"
      />
    </div>
    <div
      class="nz-target-mergeTarget nz-hidden"
    />
    <div
      class="nz-target-sectionTarget nz-horizontal nz-hidden"
    >
      <div
        class="nz-section nz-start"
      />
      <div
        class="nz-border"
      />
      <div
        class="nz-section nz-end nz-target"
      />
    </div>
  </div>
  <div
    class="nz-grip-container"
  >
    <div
      class="nz-widgetPanels-grip nz-top nz-grip"
    >
      <div
        class="nz-line-grip"
      >
        <div
          class="nz-line-grip-detail"
        />
      </div>
      <div
        class="nz-handle"
      />
    </div>
  </div>
</div>
`;

exports[`WidgetPanelProvider should render vertical 1`] = `
<div
  class="nz-widgetPanels-panel nz-left nz-span-top nz-span-bottom"
  style="width: 200px;"
>
  <div
    class="nz-content"
  >
    <div
      class="nz-outline-sectionOutline nz-0 nz-vertical nz-hidden"
    />
    <div
      class="nz-panel-section-0 nz-widgetPanels-vertical nz-panel-section-full-size"
    >
      <div
        class="nz-widget-widget nz-widget-panelWidget nz-fill nz-border-top nz-border-left nz-border-right"
      >
        <div
          class="nz-widget-tabBar nz-separator"
        >
          <div
            class="nz-handle"
          />
          <div
            class="nz-widget-tabs"
            role="tablist"
          >
            <div
              class="nz-widget-tab nz-active nz-first nz-last"
              data-item-id="t1"
              data-item-type="widget-tab"
              role="tab"
              tabindex="0"
              title=""
            >
              <span />
              <div
                class="nz-target-tabTarget nz-hidden"
              />
            </div>
            <div
              class="nz-target-titleBarTarget nz-hidden"
            >
              <div
                class="nz-outline-tabOutline nz-hidden"
              />
            </div>
            <div
              class="nz-widget-overflow nz-hidden"
            >
              <div
                class="nz-button"
                role="button"
                tabindex="-1"
              >
                <div
                  class="nz-icon"
                />
              </div>
            </div>
          </div>
          <div
            class="nz-widget-tabBarButtons"
          >
            <button
              class="iui-button nz-widget-pinToggle nz-is-pinned"
              data-iui-size="small"
              data-iui-variant="borderless"
              type="button"
            >
              <span>
                <svg
                  fill="var(--iui-color-icon-muted, currentColor)"
                  height="1rem"
                  viewBox="0 0 16 16"
                  width="1rem"
                >
                  <path
                    d="M10.5 0a3.905 3.905 0 00-1.466 3.051c0 .097.007.192.014.287L6.8 5.586a4.806 4.806 0 00-4.773 1.601l2.942 2.941L0 15.097V16h.903l4.969-4.969 2.94 2.941A4.806 4.806 0 0010.415 9.2l2.248-2.248c.095.007.19.014.287.014A3.905 3.905 0 0016 5.501z"
                  />
                </svg>
              </span>
            </button>
          </div>
        </div>
        <div
          class="nz-widget-contentContainer"
        >
          <div
            class="nz-content"
          />
          <div
            class="nz-outline-widgetOutline nz-hidden"
          />
        </div>
      </div>
    </div>
    <div
      class="nz-outline-sectionOutline nz-1 nz-vertical nz-hidden"
    />
  </div>
  <div
    class="nz-target-targetContainer nz-vertical nz-target-sectionTargets"
  >
    <div
      class="nz-target-sectionTarget nz-vertical nz-hidden"
    >
      <div
        class="nz-section nz-start nz-target"
      />
      <div
        class="nz-border"
      />
      <div
        class="nz-section nz-end"
      />
    </div>
    <div
      class="nz-target-mergeTarget nz-hidden"
    />
    <div
      class="nz-target-sectionTarget nz-vertical nz-hidden"
    >
      <div
        class="nz-section nz-start"
      />
      <div
        class="nz-border"
      />
      <div
        class="nz-section nz-end nz-target"
      />
    </div>
  </div>
  <div
    class="nz-grip-container"
  >
    <div
      class="nz-widgetPanels-grip nz-left nz-grip"
    >
      <div
        class="nz-line-grip"
      >
        <div
          class="nz-line-grip-detail"
        />
      </div>
      <div
        class="nz-handle"
      />
    </div>
  </div>
</div>
`;

exports[`WidgetPanelProvider should render with span bottom 1`] = `
<div
  class="nz-widgetPanels-panel nz-left nz-span-top nz-span-bottom"
  style="width: 200px;"
>
  <div
    class="nz-content"
  >
    <div
      class="nz-outline-sectionOutline nz-0 nz-vertical nz-hidden"
    />
    <div
      class="nz-panel-section-0 nz-widgetPanels-vertical nz-panel-section-full-size"
    >
      <div
        class="nz-widget-widget nz-widget-panelWidget nz-fill nz-border-top nz-border-left nz-border-right"
      >
        <div
          class="nz-widget-tabBar nz-separator"
        >
          <div
            class="nz-handle"
          />
          <div
            class="nz-widget-tabs"
            role="tablist"
          >
            <div
              class="nz-widget-tab nz-active nz-first nz-last"
              data-item-id="t1"
              data-item-type="widget-tab"
              role="tab"
              tabindex="0"
              title=""
            >
              <span />
              <div
                class="nz-target-tabTarget nz-hidden"
              />
            </div>
            <div
              class="nz-target-titleBarTarget nz-hidden"
            >
              <div
                class="nz-outline-tabOutline nz-hidden"
              />
            </div>
            <div
              class="nz-widget-overflow nz-hidden"
            >
              <div
                class="nz-button"
                role="button"
                tabindex="-1"
              >
                <div
                  class="nz-icon"
                />
              </div>
            </div>
          </div>
          <div
            class="nz-widget-tabBarButtons"
          >
            <button
              class="iui-button nz-widget-pinToggle nz-is-pinned"
              data-iui-size="small"
              data-iui-variant="borderless"
              type="button"
            >
              <span>
                <svg
                  fill="var(--iui-color-icon-muted, currentColor)"
                  height="1rem"
                  viewBox="0 0 16 16"
                  width="1rem"
                >
                  <path
                    d="M10.5 0a3.905 3.905 0 00-1.466 3.051c0 .097.007.192.014.287L6.8 5.586a4.806 4.806 0 00-4.773 1.601l2.942 2.941L0 15.097V16h.903l4.969-4.969 2.94 2.941A4.806 4.806 0 0010.415 9.2l2.248-2.248c.095.007.19.014.287.014A3.905 3.905 0 0016 5.501z"
                  />
                </svg>
              </span>
            </button>
          </div>
        </div>
        <div
          class="nz-widget-contentContainer"
        >
          <div
            class="nz-content"
          />
          <div
            class="nz-outline-widgetOutline nz-hidden"
          />
        </div>
      </div>
    </div>
    <div
      class="nz-outline-sectionOutline nz-1 nz-vertical nz-hidden"
    />
  </div>
  <div
    class="nz-target-targetContainer nz-vertical nz-target-sectionTargets"
  >
    <div
      class="nz-target-sectionTarget nz-vertical nz-hidden"
    >
      <div
        class="nz-section nz-start nz-target"
      />
      <div
        class="nz-border"
      />
      <div
        class="nz-section nz-end"
      />
    </div>
    <div
      class="nz-target-mergeTarget nz-hidden"
    />
    <div
      class="nz-target-sectionTarget nz-vertical nz-hidden"
    >
      <div
        class="nz-section nz-start"
      />
      <div
        class="nz-border"
      />
      <div
        class="nz-section nz-end nz-target"
      />
    </div>
  </div>
  <div
    class="nz-grip-container"
  >
    <div
      class="nz-widgetPanels-grip nz-left nz-grip"
    >
      <div
        class="nz-line-grip"
      >
        <div
          class="nz-line-grip-detail"
        />
      </div>
      <div
        class="nz-handle"
      />
    </div>
  </div>
</div>
`;

exports[`WidgetPanelProvider should render with top spanned 1`] = `
<div
  class="nz-widgetPanels-panel nz-left nz-span-top nz-span-bottom"
  style="width: 200px;"
>
  <div
    class="nz-content"
  >
    <div
      class="nz-outline-sectionOutline nz-0 nz-vertical nz-hidden"
    />
    <div
      class="nz-panel-section-0 nz-widgetPanels-vertical nz-panel-section-full-size"
    >
      <div
        class="nz-widget-widget nz-widget-panelWidget nz-fill nz-border-top nz-border-left nz-border-right"
      >
        <div
          class="nz-widget-tabBar nz-separator"
        >
          <div
            class="nz-handle"
          />
          <div
            class="nz-widget-tabs"
            role="tablist"
          >
            <div
              class="nz-widget-tab nz-active nz-first nz-last"
              data-item-id="t1"
              data-item-type="widget-tab"
              role="tab"
              tabindex="0"
              title=""
            >
              <span />
              <div
                class="nz-target-tabTarget nz-hidden"
              />
            </div>
            <div
              class="nz-target-titleBarTarget nz-hidden"
            >
              <div
                class="nz-outline-tabOutline nz-hidden"
              />
            </div>
            <div
              class="nz-widget-overflow nz-hidden"
            >
              <div
                class="nz-button"
                role="button"
                tabindex="-1"
              >
                <div
                  class="nz-icon"
                />
              </div>
            </div>
          </div>
          <div
            class="nz-widget-tabBarButtons"
          >
            <button
              class="iui-button nz-widget-pinToggle nz-is-pinned"
              data-iui-size="small"
              data-iui-variant="borderless"
              type="button"
            >
              <span>
                <svg
                  fill="var(--iui-color-icon-muted, currentColor)"
                  height="1rem"
                  viewBox="0 0 16 16"
                  width="1rem"
                >
                  <path
                    d="M10.5 0a3.905 3.905 0 00-1.466 3.051c0 .097.007.192.014.287L6.8 5.586a4.806 4.806 0 00-4.773 1.601l2.942 2.941L0 15.097V16h.903l4.969-4.969 2.94 2.941A4.806 4.806 0 0010.415 9.2l2.248-2.248c.095.007.19.014.287.014A3.905 3.905 0 0016 5.501z"
                  />
                </svg>
              </span>
            </button>
          </div>
        </div>
        <div
          class="nz-widget-contentContainer"
        >
          <div
            class="nz-content"
          />
          <div
            class="nz-outline-widgetOutline nz-hidden"
          />
        </div>
      </div>
    </div>
    <div
      class="nz-outline-sectionOutline nz-1 nz-vertical nz-hidden"
    />
  </div>
  <div
    class="nz-target-targetContainer nz-vertical nz-target-sectionTargets"
  >
    <div
      class="nz-target-sectionTarget nz-vertical nz-hidden"
    >
      <div
        class="nz-section nz-start nz-target"
      />
      <div
        class="nz-border"
      />
      <div
        class="nz-section nz-end"
      />
    </div>
    <div
      class="nz-target-mergeTarget nz-hidden"
    />
    <div
      class="nz-target-sectionTarget nz-vertical nz-hidden"
    >
      <div
        class="nz-section nz-start"
      />
      <div
        class="nz-border"
      />
      <div
        class="nz-section nz-end nz-target"
      />
    </div>
  </div>
  <div
    class="nz-grip-container"
  >
    <div
      class="nz-widgetPanels-grip nz-left nz-grip"
    >
      <div
        class="nz-line-grip"
      >
        <div
          class="nz-line-grip-detail"
        />
      </div>
      <div
        class="nz-handle"
      />
    </div>
  </div>
</div>
`;
