// Jest Snapshot v1, https://goo.gl/fbAQLP

exports[`<SplitButton /> renders correctly 1`] = `
<div
  className="core-split-button"
  data-testid="core-split-button-root"
>
  <div
    className="core-split-button-label"
    data-testid="core-split-button-label"
  >
     
    test
  </div>
  <div
    className="core-split-button-arrow"
    onClick={[Function]}
    onKeyUp={[Function]}
    tabIndex={0}
  >
    <div
      className="core-split-button-arrow-icon icon icon-chevron-down"
    />
    <ContextMenu
      autoflip={false}
      direction="bottom right"
      edgeLimit={true}
      floating={true}
      hotkeySelect={true}
      onEsc={[Function]}
      onOutsideClick={[Function]}
      onSelect={[Function]}
      opened={false}
      selectedIndex={0}
    />
  </div>
</div>
`;

exports[`<SplitButton /> renders with icon correctly 1`] = `
<div
  className="core-split-button"
  data-testid="core-split-button-root"
>
  <div
    className="core-split-button-label"
    data-testid="core-split-button-label"
  >
    <span
      className="icon icon-placeholder"
    />
     
    test
  </div>
  <div
    className="core-split-button-arrow"
    onClick={[Function]}
    onKeyUp={[Function]}
    tabIndex={0}
  >
    <div
      className="core-split-button-arrow-icon icon icon-chevron-down"
    />
    <ContextMenu
      autoflip={false}
      direction="bottom right"
      edgeLimit={true}
      floating={true}
      hotkeySelect={true}
      onEsc={[Function]}
      onOutsideClick={[Function]}
      onSelect={[Function]}
      opened={false}
      selectedIndex={0}
    />
  </div>
</div>
`;
