// Jest Snapshot v1, https://goo.gl/fbAQLP

exports[`<Item /> renders correctly 1`] = `
<div
  className="nz-toolbar-item-item"
  onClick={[Function]}
>
  <div
    className="nz-gradient"
  />
</div>
`;
