// Jest Snapshot v1, https://goo.gl/fbAQLP

exports[`<Tray /> renders correctly 1`] = `
<div
  className="nz-toolbar-item-expandable-history-tray nz-direction-left"
>
  <div
    className="nz-items"
  />
  <div
    className="nz-extend-indicator"
  />
</div>
`;

exports[`<Tray /> renders extended 1`] = `
<div
  className="nz-toolbar-item-expandable-history-tray nz-direction-left nz-is-extended"
>
  <div
    className="nz-items"
  />
  <div
    className="nz-extend-indicator"
  />
</div>
`;

exports[`<Tray /> renders items 1`] = `
<div
  className="nz-toolbar-item-expandable-history-tray nz-direction-left nz-extend-is-visible"
>
  <div
    className="nz-items"
  >
    <br />
    <br />
  </div>
  <div
    className="nz-extend-indicator"
  />
</div>
`;
