// Jest Snapshot v1, https://goo.gl/fbAQLP

exports[`<CheckListBox /> renders correctly 1`] = `
<ul
  className="chk-listbox"
>
  <CheckListBoxItem
    label="label"
  />
  <Component />
</ul>
`;
