// Jest Snapshot v1, https://goo.gl/fbAQLP

exports[`<HistoryItem /> renders active 1`] = `
<div
  className="nz-toolbar-item-expandable-history-item nz-is-active"
  onClick={[Function]}
/>
`;

exports[`<HistoryItem /> renders correctly 1`] = `
<div
  className="nz-toolbar-item-expandable-history-item"
  onClick={[Function]}
/>
`;
