// Jest Snapshot v1, https://goo.gl/fbAQLP

exports[`<Sticky /> renders correctly 1`] = `
<Component
  className="nz-footer-message-sticky"
/>
`;
