// Jest Snapshot v1, https://goo.gl/fbAQLP

exports[`<Tab /> renders correctly 1`] = `
<div
  className="nz-footer-messageCenter-tab"
/>
`;

exports[`<Tab /> renders correctly 2`] = `
<div
  className="nz-widget-rectangular-tab-tab"
  onClick={[Function]}
/>
`;
