// Jest Snapshot v1, https://goo.gl/fbAQLP

exports[`AccudrawMenuButton renders correctly 1`] = `
<MenuButton
  point={
    Object {
      "x": 100,
      "y": 120,
    }
  }
>
  <ContextSubMenu
    autoflip={true}
    direction="bottom right"
    disabled={false}
    icon="icon-placeholder"
    isSelected={false}
    key="0"
    label="~Mode"
    selectedIndex={0}
  >
    <ContextMenuItem
      disabled={false}
      icon="icon-placeholder"
      isSelected={false}
      key="0"
    >
      Mode 1
    </ContextMenuItem>
    <ContextMenuItem
      disabled={false}
      icon="icon-placeholder"
      isSelected={false}
      key="1"
    >
      Mode 2
    </ContextMenuItem>
  </ContextSubMenu>
  <ContextSubMenu
    autoflip={true}
    direction="bottom right"
    disabled={false}
    icon="icon-placeholder"
    isSelected={false}
    key="1"
    label="~Rotate"
    selectedIndex={0}
  >
    <ContextMenuItem
      disabled={false}
      icon="icon-placeholder"
      isSelected={false}
      key="0"
    >
      Rotate 1
    </ContextMenuItem>
    <ContextMenuItem
      disabled={false}
      icon="icon-placeholder"
      isSelected={false}
      key="1"
    >
      Rotate 2
    </ContextMenuItem>
  </ContextSubMenu>
  <ContextMenuItem
    disabled={false}
    icon="icon-placeholder"
    isSelected={false}
    key="2"
  >
    ~Lock to Axis
  </ContextMenuItem>
  <ContextMenuItem
    disabled={false}
    icon="icon-placeholder"
    isSelected={false}
    key="3"
  >
    Move ~Origin
  </ContextMenuItem>
  <ContextMenuItem
    disabled={false}
    icon="icon-placeholder"
    isSelected={false}
    key="4"
  >
    ~Hide
  </ContextMenuItem>
  <ContextSubMenu
    autoflip={true}
    direction="bottom right"
    disabled={false}
    icon="icon-placeholder"
    isSelected={false}
    key="5"
    label="~Settings"
    selectedIndex={0}
  >
    <ContextMenuItem
      disabled={false}
      icon="icon-placeholder"
      isSelected={false}
      key="0"
    >
      Settings 1
    </ContextMenuItem>
    <ContextMenuItem
      disabled={false}
      icon="icon-placeholder"
      isSelected={false}
      key="1"
    >
      Settings 2
    </ContextMenuItem>
  </ContextSubMenu>
</MenuButton>
`;
