// Jest Snapshot v1, https://goo.gl/fbAQLP

exports[`<Chevron /> renders correctly 1`] = `
<div
  className="nz-toolbar-scroll-chevron nz-direction-left"
/>
`;
