// Jest Snapshot v1, https://goo.gl/fbAQLP

exports[`<Nested /> renders correctly 1`] = `
<ToolSettings
  className="nz-widget-toolSettings-nested"
>
  <div
    className="nz-header"
  >
    <div
      className="nz-button"
    />
    <div
      className="nz-label"
    />
  </div>
</ToolSettings>
`;
