// Jest Snapshot v1, https://goo.gl/fbAQLP

exports[`<Toggle /> renders correctly 1`] = `
<div
  className="nz-widget-toolSettings-toggle"
>
  <div
    className="nz-toggle"
  >
    <div
      className="nz-content"
    />
    <div
      className="nz-triangle"
    />
  </div>
</div>
`;

exports[`<Toggle /> renders popup content correctly 1`] = `
<div
  className="nz-widget-toolSettings-toggle"
>
  <div
    className="nz-toggle"
  >
    <div
      className="nz-content"
    />
    <div
      className="nz-triangle"
    />
  </div>
  <TrianglePopover
    className="nz-popup"
    content="abc"
    direction={3}
  />
</div>
`;
