// Jest Snapshot v1, https://goo.gl/fbAQLP

exports[`WebFontIcon renders correctly 1`] = `
<span
  className="bui-webfont-icon icon-placeholder"
/>
`;
