// Jest Snapshot v1, https://goo.gl/fbAQLP

exports[`<Separator /> renders correctly 1`] = `
<div
  className="nz-backstage-separator"
/>
`;
