// Jest Snapshot v1, https://goo.gl/fbAQLP

exports[`WidgetTab should render active 1`] = `
<div
  class="nz-widget-tab nz-active"
>
  <span
    title=""
  />
</div>
`;

exports[`WidgetTab should render first inactive 1`] = `
<div
  class="nz-widget-tab nz-active nz-first-inactive"
>
  <span
    title=""
  />
</div>
`;

exports[`WidgetTab should render last not overflown 1`] = `
<div
  class="nz-widget-tab nz-active nz-last-not-overflown"
>
  <span
    title=""
  />
</div>
`;

exports[`WidgetTab should render minimized 1`] = `
<div
  class="nz-widget-tab nz-minimized"
>
  <span
    title=""
  />
</div>
`;

exports[`WidgetTab should render overflown 1`] = `
<div
  class="nz-widget-tab"
>
  <span
    title=""
  />
</div>
`;
