// Jest Snapshot v1, https://goo.gl/fbAQLP

exports[`MessageSpan & MessageDiv MessageDiv with React node 1`] = `
<div>
  <span>
    For more details, 
    <UnderlinedButton>
      click here
    </UnderlinedButton>
    .
  </span>
</div>
`;

exports[`MessageSpan & MessageDiv MessageDiv with message HTMLElement 1`] = `
<div
  dangerouslySetInnerHTML={
    Object {
      "__html": "<span>Test</span>",
    }
  }
/>
`;

exports[`MessageSpan & MessageDiv MessageDiv with message text 1`] = `
<div>
  Test
</div>
`;

exports[`MessageSpan & MessageDiv MessageSpan with React node 1`] = `
<span>
  <span>
    For more details, 
    <UnderlinedButton>
      click here
    </UnderlinedButton>
    .
  </span>
</span>
`;

exports[`MessageSpan & MessageDiv MessageSpan with message HTMLElement 1`] = `
<span
  dangerouslySetInnerHTML={
    Object {
      "__html": "<span>Test</span>",
    }
  }
/>
`;

exports[`MessageSpan & MessageDiv MessageSpan with message text 1`] = `
<span>
  Test
</span>
`;
