// Jest Snapshot v1, https://goo.gl/fbAQLP

exports[`withDropTarget Wrapped component renders wrapped component correctly 1`] = `
<div>
  <TestComponent />
</div>
`;
