// Jest Snapshot v1, https://goo.gl/fbAQLP

exports[`<LoadingSpinner /> renders correctly 1`] = `
<div
  className="core-ls"
>
  <Spinner />
</div>
`;

exports[`<LoadingSpinner /> renders with message and position correctly 1`] = `
<div
  className="core-ls"
>
  <span
    className="ls-message-top"
  >
    test
  </span>
  <Spinner />
</div>
`;

exports[`<LoadingSpinner /> renders with message correctly 1`] = `
<div
  className="core-ls"
>
  <Spinner />
  <span
    className="ls-message-bottom"
  >
    test
  </span>
</div>
`;
