// Jest Snapshot v1, https://goo.gl/fbAQLP

exports[`DockedToolSetting should render 1`] = `
<div
  class="nz-toolSettings-setting"
/>
`;
