// Jest Snapshot v1, https://goo.gl/fbAQLP

exports[`<TextEditor /> renders correctly 1`] = `
<Input
  className="components-cell-editor components-text-editor"
  data-testid="components-text-editor"
  defaultValue=""
  onChange={[Function]}
  readOnly={false}
  style={
    Object {
      "minWidth": "6em",
    }
  }
  type="text"
/>
`;
