// Jest Snapshot v1, https://goo.gl/fbAQLP

exports[`ToolSettingsZone renders correctly 1`] = `""`;
